[    0.000000] Linux version 4.15.0-208-generic (buildd@lcy02-amd64-015) (gcc version 7.5.0 (Ubuntu 7.5.0-3ubuntu1~18.04)) #220-Ubuntu SMP Mon Mar 20 14:27:01 UTC 2023 (Ubuntu 4.15.0-208.220-generic 4.15.18)
[    0.000000] Command line: BOOT_IMAGE=/boot/vmlinuz-4.15.0-208-generic root=LABEL=cloudimg-rootfs ro console=tty1 console=ttyS0
[    0.000000] KERNEL supported cpus:
[    0.000000]   Intel GenuineIntel
[    0.000000]   AMD AuthenticAMD
[    0.000000]   Centaur CentaurHauls
[    0.000000] x86/fpu: x87 FPU will use FXSAVE
[    0.000000] e820: BIOS-provided physical RAM map:
[    0.000000] BIOS-e820: [mem 0x0000000000000000-0x000000000009fbff] usable
[    0.000000] BIOS-e820: [mem 0x000000000009fc00-0x000000000009ffff] reserved
[    0.000000] BIOS-e820: [mem 0x00000000000f0000-0x00000000000fffff] reserved
[    0.000000] BIOS-e820: [mem 0x0000000000100000-0x000000003ffeffff] usable
[    0.000000] BIOS-e820: [mem 0x000000003fff0000-0x000000003fffffff] ACPI data
[    0.000000] BIOS-e820: [mem 0x00000000fec00000-0x00000000fec00fff] reserved
[    0.000000] BIOS-e820: [mem 0x00000000fee00000-0x00000000fee00fff] reserved
[    0.000000] BIOS-e820: [mem 0x00000000fffc0000-0x00000000ffffffff] reserved
[    0.000000] NX (Execute Disable) protection: active
[    0.000000] SMBIOS 2.5 present.
[    0.000000] DMI: innotek GmbH VirtualBox/VirtualBox, BIOS VirtualBox 12/01/2006
[    0.000000] Hypervisor detected: KVM
[    0.000000] e820: last_pfn = 0x3fff0 max_arch_pfn = 0x400000000
[    0.000000] MTRR: Disabled
[    0.000000] x86/PAT: MTRRs disabled, skipping PAT initialization too.
[    0.000000] CPU MTRRs all blank - virtualized system.
[    0.000000] x86/PAT: Configuration [0-7]: WB  WT  UC- UC  WB  WT  UC- UC  
[    0.000000] found SMP MP-table at [mem 0x0009fff0-0x0009ffff]
[    0.000000] Scanning 1 areas for low memory corruption
[    0.000000] RAMDISK: [mem 0x359c9000-0x36cdbfff]
[    0.000000] ACPI: Early table checksum verification disabled
[    0.000000] ACPI: RSDP 0x00000000000E0000 000024 (v02 VBOX  )
[    0.000000] ACPI: XSDT 0x000000003FFF0030 00003C (v01 VBOX   VBOXXSDT 00000001 ASL  00000061)
[    0.000000] ACPI: FACP 0x000000003FFF00F0 0000F4 (v04 VBOX   VBOXFACP 00000001 ASL  00000061)
[    0.000000] ACPI: DSDT 0x000000003FFF0610 002353 (v02 VBOX   VBOXBIOS 00000002 INTL 20100528)
[    0.000000] ACPI: FACS 0x000000003FFF0200 000040
[    0.000000] ACPI: FACS 0x000000003FFF0200 000040
[    0.000000] ACPI: APIC 0x000000003FFF0240 00005C (v02 VBOX   VBOXAPIC 00000001 ASL  00000061)
[    0.000000] ACPI: SSDT 0x000000003FFF02A0 00036C (v01 VBOX   VBOXCPUT 00000002 INTL 20100528)
[    0.000000] ACPI: Reserving FACP table memory at [mem 0x3fff00f0-0x3fff01e3]
[    0.000000] ACPI: Reserving DSDT table memory at [mem 0x3fff0610-0x3fff2962]
[    0.000000] ACPI: Reserving FACS table memory at [mem 0x3fff0200-0x3fff023f]
[    0.000000] ACPI: Reserving FACS table memory at [mem 0x3fff0200-0x3fff023f]
[    0.000000] ACPI: Reserving APIC table memory at [mem 0x3fff0240-0x3fff029b]
[    0.000000] ACPI: Reserving SSDT table memory at [mem 0x3fff02a0-0x3fff060b]
[    0.000000] No NUMA configuration found
[    0.000000] Faking a node at [mem 0x0000000000000000-0x000000003ffeffff]
[    0.000000] NODE_DATA(0) allocated [mem 0x3ffc5000-0x3ffeffff]
[    0.000000] kvm-clock: cpu 0, msr 0:3ff44001, primary cpu clock
[    0.000000] kvm-clock: Using msrs 4b564d01 and 4b564d00
[    0.000000] kvm-clock: using sched offset of 5066003536 cycles
[    0.000000] clocksource: kvm-clock: mask: 0xffffffffffffffff max_cycles: 0x1cd42e4dffb, max_idle_ns: 881590591483 ns
[    0.000000] Zone ranges:
[    0.000000]   DMA      [mem 0x0000000000001000-0x0000000000ffffff]
[    0.000000]   DMA32    [mem 0x0000000001000000-0x000000003ffeffff]
[    0.000000]   Normal   empty
[    0.000000]   Device   empty
[    0.000000] Movable zone start for each node
[    0.000000] Early memory node ranges
[    0.000000]   node   0: [mem 0x0000000000001000-0x000000000009efff]
[    0.000000]   node   0: [mem 0x0000000000100000-0x000000003ffeffff]
[    0.000000] Reserved but unavailable: 104 pages
[    0.000000] Initmem setup node 0 [mem 0x0000000000001000-0x000000003ffeffff]
[    0.000000] ACPI: PM-Timer IO Port: 0x4008
[    0.000000] IOAPIC[0]: apic_id 2, version 32, address 0xfec00000, GSI 0-23
[    0.000000] ACPI: INT_SRC_OVR (bus 0 bus_irq 0 global_irq 2 dfl dfl)
[    0.000000] ACPI: INT_SRC_OVR (bus 0 bus_irq 9 global_irq 9 low level)
[    0.000000] Using ACPI (MADT) for SMP configuration information
[    0.000000] smpboot: Allowing 2 CPUs, 0 hotplug CPUs
[    0.000000] PM: Registered nosave memory: [mem 0x00000000-0x00000fff]
[    0.000000] PM: Registered nosave memory: [mem 0x0009f000-0x0009ffff]
[    0.000000] PM: Registered nosave memory: [mem 0x000a0000-0x000effff]
[    0.000000] PM: Registered nosave memory: [mem 0x000f0000-0x000fffff]
[    0.000000] e820: [mem 0x40000000-0xfebfffff] available for PCI devices
[    0.000000] Booting paravirtualized kernel on KVM
[    0.000000] clocksource: refined-jiffies: mask: 0xffffffff max_cycles: 0xffffffff, max_idle_ns: 7645519600211568 ns
[    0.000000] setup_percpu: NR_CPUS:8192 nr_cpumask_bits:2 nr_cpu_ids:2 nr_node_ids:1
[    0.000000] percpu: Embedded 50 pages/cpu s167936 r8192 d28672 u1048576
[    0.000000] PV qspinlock hash table entries: 256 (order: 0, 4096 bytes)
[    0.000000] Built 1 zonelists, mobility grouping on.  Total pages: 257913
[    0.000000] Policy zone: DMA32
[    0.000000] Kernel command line: BOOT_IMAGE=/boot/vmlinuz-4.15.0-208-generic root=LABEL=cloudimg-rootfs ro console=tty1 console=ttyS0
[    0.000000] Memory: 982640K/1048120K available (12300K kernel code, 2477K rwdata, 4324K rodata, 2480K init, 2720K bss, 65480K reserved, 0K cma-reserved)
[    0.000000] SLUB: HWalign=64, Order=0-3, MinObjects=0, CPUs=2, Nodes=1
[    0.000000] Kernel/User page tables isolation: enabled
[    0.000000] ftrace: allocating 39494 entries in 155 pages
[    0.004000] Hierarchical RCU implementation.
[    0.004000] 	RCU restricting CPUs from NR_CPUS=8192 to nr_cpu_ids=2.
[    0.004000] 	Tasks RCU enabled.
[    0.004000] RCU: Adjusting geometry for rcu_fanout_leaf=16, nr_cpu_ids=2
[    0.004000] NR_IRQS: 524544, nr_irqs: 440, preallocated irqs: 16
[    0.004000] random: crng init done
[    0.004000] Console: colour VGA+ 80x25
[    0.004000] console [tty1] enabled
[    0.004000] console [ttyS0] enabled
[    0.004000] ACPI: Core revision 20170831
[    0.004000] ACPI: 2 ACPI AML tables successfully acquired and loaded
[    0.004000] APIC: Switch to symmetric I/O mode setup
[    0.004000] ..TIMER: vector=0x30 apic1=0 pin1=2 apic2=-1 pin2=-1
[    0.004006] tsc: Detected 2591.998 MHz processor
[    0.008022] Calibrating delay loop (skipped) preset value.. 5183.99 BogoMIPS (lpj=10367992)
[    0.012006] pid_max: default: 32768 minimum: 301
[    0.016088] Security Framework initialized
[    0.020007] Yama: becoming mindful.
[    0.024123] AppArmor: AppArmor initialized
[    0.033326] Dentry cache hash table entries: 131072 (order: 8, 1048576 bytes)
[    0.042736] Inode-cache hash table entries: 65536 (order: 7, 524288 bytes)
[    0.044192] Mount-cache hash table entries: 2048 (order: 2, 16384 bytes)
[    0.048094] Mountpoint-cache hash table entries: 2048 (order: 2, 16384 bytes)
[    0.056631] Last level iTLB entries: 4KB 64, 2MB 8, 4MB 8
[    0.060012] Last level dTLB entries: 4KB 64, 2MB 0, 4MB 0, 1GB 4
[    0.068007] Spectre V1 : Mitigation: usercopy/swapgs barriers and __user pointer sanitization
[    0.072023] Spectre V2 : Mitigation: Retpolines
[    0.076008] Spectre V2 : Spectre v2 / SpectreRSB mitigation: Filling RSB on context switch
[    0.080006] Spectre V2 : Spectre v2 / SpectreRSB : Filling RSB on VMEXIT
[    0.084006] RETBleed: WARNING: Spectre v2 mitigation leaves CPU vulnerable to RETBleed attacks, data leaks possible!
[    0.088006] RETBleed: Vulnerable
[    0.092003] Speculative Store Bypass: Vulnerable
[    0.100010] MDS: Mitigation: Clear CPU buffers
[    0.104007] MMIO Stale Data: Mitigation: Clear CPU buffers
[    0.108009] SRBDS: Unknown: Dependent on hypervisor status
[    0.112319] Freeing SMP alternatives memory: 36K
[    0.234548] smpboot: CPU0: Intel(R) Core(TM) i7-6700HQ CPU @ 2.60GHz (family: 0x6, model: 0x5e, stepping: 0x3)
[    0.236560] Performance Events: unsupported p6 CPU model 94 no PMU driver, software events only.
[    0.240204] Hierarchical SRCU implementation.
[    0.244944] NMI watchdog: Perf event create on CPU 0 failed with -2
[    0.248008] NMI watchdog: Perf NMI watchdog permanently disabled
[    0.256409] smp: Bringing up secondary CPUs ...
[    0.261378] x86: Booting SMP configuration:
[    0.264005] .... node  #0, CPUs:      #1
[    0.004000] kvm-clock: cpu 1, msr 0:3ff44041, secondary cpu clock
[    0.282072] TSC synchronization [CPU#0 -> CPU#1]:
[    0.284000] Measured 192876 cycles TSC warp between CPUs, turning off TSC clock.
[    0.284000] tsc: Marking TSC unstable due to check_tsc_sync_source failed
[    0.292440] smp: Brought up 1 node, 2 CPUs
[    0.296010] smpboot: Max logical packages: 1
[    0.300007] smpboot: Total of 2 processors activated (10367.99 BogoMIPS)
[    0.305276] devtmpfs: initialized
[    0.308135] x86/mm: Memory block size: 128MB
[    0.312520] evm: security.selinux
[    0.316005] evm: security.SMACK64
[    0.320004] evm: security.SMACK64EXEC
[    0.324008] evm: security.SMACK64TRANSMUTE
[    0.328018] evm: security.SMACK64MMAP
[    0.332007] evm: security.apparmor
[    0.336006] evm: security.ima
[    0.340005] evm: security.capability
[    0.348162] clocksource: jiffies: mask: 0xffffffff max_cycles: 0xffffffff, max_idle_ns: 7645041785100000 ns
[    0.352015] futex hash table entries: 512 (order: 3, 32768 bytes)
[    0.356058] pinctrl core: initialized pinctrl subsystem
[    0.364003] RTC time: 21:23:50, date: 04/17/23
[    0.372519] NET: Registered protocol family 16
[    0.376143] audit: initializing netlink subsys (disabled)
[    0.384217] audit: type=2000 audit(1681766635.767:1): state=initialized audit_enabled=0 res=1
[    0.404010] cpuidle: using governor ladder
[    0.408015] cpuidle: using governor menu
[    0.412085] ACPI: bus type PCI registered
[    0.416007] acpiphp: ACPI Hot Plug PCI Controller Driver version: 0.5
[    0.424783] PCI: Using configuration type 1 for base access
[    0.436694] HugeTLB registered 2.00 MiB page size, pre-allocated 0 pages
[    0.444691] ACPI: Added _OSI(Module Device)
[    0.448020] ACPI: Added _OSI(Processor Device)
[    0.452009] ACPI: Added _OSI(3.0 _SCP Extensions)
[    0.456008] ACPI: Added _OSI(Processor Aggregator Device)
[    0.460017] ACPI: Added _OSI(Linux-Dell-Video)
[    0.464012] ACPI: Added _OSI(Linux-Lenovo-NV-HDMI-Audio)
[    0.468009] ACPI: Added _OSI(Linux-HPI-Hybrid-Graphics)
[    0.473446] ACPI: Executed 1 blocks of module-level executable AML code
[    0.485872] ACPI: Interpreter enabled
[    0.488018] ACPI: (supports S0 S5)
[    0.492004] ACPI: Using IOAPIC for interrupt routing
[    0.500197] PCI: Using host bridge windows from ACPI; if necessary, use "pci=nocrs" and report a bug
[    0.504356] ACPI: Enabled 2 GPEs in block 00 to 07
[    0.524437] ACPI: PCI Root Bridge [PCI0] (domain 0000 [bus 00-ff])
[    0.528021] acpi PNP0A03:00: _OSC: OS supports [ASPM ClockPM Segments MSI]
[    0.533272] acpi PNP0A03:00: _OSC: not requesting OS control; OS requires [ExtendedConfig ASPM ClockPM MSI]
[    0.536024] acpi PNP0A03:00: fail to add MMCONFIG information, can't access extended PCI configuration space under this bridge.
[    0.541377] PCI host bridge to bus 0000:00
[    0.544018] pci_bus 0000:00: root bus resource [io  0x0000-0x0cf7 window]
[    0.548015] pci_bus 0000:00: root bus resource [io  0x0d00-0xffff window]
[    0.552009] pci_bus 0000:00: root bus resource [mem 0x000a0000-0x000bffff window]
[    0.556008] pci_bus 0000:00: root bus resource [mem 0x40000000-0xfdffffff window]
[    0.560012] pci_bus 0000:00: root bus resource [bus 00-ff]
[    0.577816] pci 0000:00:01.1: legacy IDE quirk: reg 0x10: [io  0x01f0-0x01f7]
[    0.580010] pci 0000:00:01.1: legacy IDE quirk: reg 0x14: [io  0x03f6]
[    0.584007] pci 0000:00:01.1: legacy IDE quirk: reg 0x18: [io  0x0170-0x0177]
[    0.588009] pci 0000:00:01.1: legacy IDE quirk: reg 0x1c: [io  0x0376]
[    0.626264] pci 0000:00:07.0: quirk: [io  0x4000-0x403f] claimed by PIIX4 ACPI
[    0.628061] pci 0000:00:07.0: quirk: [io  0x4100-0x410f] claimed by PIIX4 SMB
[    0.652861] ACPI: PCI Interrupt Link [LNKA] (IRQs 5 9 10 *11)
[    0.656760] ACPI: PCI Interrupt Link [LNKB] (IRQs 5 9 *10 11)
[    0.660293] ACPI: PCI Interrupt Link [LNKC] (IRQs 5 *9 10 11)
[    0.664299] ACPI: PCI Interrupt Link [LNKD] (IRQs 5 9 10 *11)
[    0.669079] SCSI subsystem initialized
[    0.672252] pci 0000:00:02.0: vgaarb: setting as boot VGA device
[    0.676000] pci 0000:00:02.0: vgaarb: VGA device added: decodes=io+mem,owns=io+mem,locks=none
[    0.676009] pci 0000:00:02.0: vgaarb: bridge control possible
[    0.680005] vgaarb: loaded
[    0.684150] ACPI: bus type USB registered
[    0.688023] usbcore: registered new interface driver usbfs
[    0.692054] usbcore: registered new interface driver hub
[    0.696022] usbcore: registered new device driver usb
[    0.704267] EDAC MC: Ver: 3.0.0
[    0.712528] PCI: Using ACPI for IRQ routing
[    0.721068] NetLabel: Initializing
[    0.724014] NetLabel:  domain hash size = 128
[    0.728009] NetLabel:  protocols = UNLABELED CIPSOv4 CALIPSO
[    0.732041] NetLabel:  unlabeled traffic allowed by default
[    0.740431] clocksource: Switched to clocksource kvm-clock
[    0.767863] VFS: Disk quotas dquot_6.6.0
[    0.767863] VFS: Dquot-cache hash table entries: 512 (order 0, 4096 bytes)
[    0.767863] AppArmor: AppArmor Filesystem Enabled
[    0.767863] pnp: PnP ACPI init
[    0.767863] pnp: PnP ACPI: found 3 devices
[    0.955056] clocksource: acpi_pm: mask: 0xffffff max_cycles: 0xffffff, max_idle_ns: 2085701024 ns
[    0.957004] NET: Registered protocol family 2
[    0.957004] IP idents hash table entries: 16384 (order: 5, 131072 bytes)
[    0.998223] TCP established hash table entries: 8192 (order: 4, 65536 bytes)
[    1.014215] TCP bind hash table entries: 8192 (order: 5, 131072 bytes)
[    1.026785] TCP: Hash tables configured (established 8192 bind 8192)
[    1.030052] UDP hash table entries: 512 (order: 2, 16384 bytes)
[    1.030052] UDP-Lite hash table entries: 512 (order: 2, 16384 bytes)
[    1.030052] NET: Registered protocol family 1
[    1.030052] pci 0000:00:00.0: Limiting direct PCI/PCI transfers
[    1.030052] pci 0000:00:01.0: Activating ISA DMA hang workarounds
[    1.030052] pci 0000:00:02.0: Video device with shadowed ROM at [mem 0x000c0000-0x000dffff]
[    1.030052] Unpacking initramfs...
[    1.794460] Freeing initrd memory: 19532K
[    1.802092] clocksource: tsc: mask: 0xffffffffffffffff max_cycles: 0x255cb518234, max_idle_ns: 440795279333 ns
[    1.819246] platform rtc_cmos: registered platform RTC device (no PNP device found)
[    1.828938] Scanning for low memory corruption every 60 seconds
[    1.840713] Initialise system trusted keyrings
[    1.846982] Key type blacklist registered
[    1.853321] workingset: timestamp_bits=36 max_order=18 bucket_order=0
[    1.865531] zbud: loaded
[    1.870968] squashfs: version 4.0 (2009/01/31) Phillip Lougher
[    1.881130] fuse init (API version 7.26)
[    1.943932] Key type asymmetric registered
[    1.949466] Asymmetric key parser 'x509' registered
[    1.956321] Block layer SCSI generic (bsg) driver version 0.4 loaded (major 246)
[    1.966737] io scheduler noop registered
[    1.972853] io scheduler deadline registered
[    1.978717] io scheduler cfq registered (default)
[    1.985899] ACPI: AC Adapter [AC] (on-line)
[    1.992182] input: Power Button as /devices/LNXSYSTM:00/LNXPWRBN:00/input/input0
[    2.002882] ACPI: Power Button [PWRF]
[    2.009140] input: Sleep Button as /devices/LNXSYSTM:00/LNXSLPBN:00/input/input1
[    2.018619] ACPI: Sleep Button [SLPF]
[    2.025802] Serial: 8250/16550 driver, 32 ports, IRQ sharing enabled
[    2.028944] ACPI: Battery Slot [BAT0] (battery present)
[    2.070956] 00:02: ttyS0 at I/O 0x3f8 (irq = 4, base_baud = 115200) is a 16550A
[    2.084999] Linux agpgart interface v0.103
[    2.099423] loop: module loaded
[    2.108592] scsi host0: ata_piix
[    2.115507] scsi host1: ata_piix
[    2.120293] ata1: PATA max UDMA/33 cmd 0x1f0 ctl 0x3f6 bmdma 0xd000 irq 14
[    2.124126] ata2: PATA max UDMA/33 cmd 0x170 ctl 0x376 bmdma 0xd008 irq 15
[    2.138499] tun: Universal TUN/TAP device driver, 1.6
[    2.146971] PPP generic driver version 2.4.2
[    2.150886] ehci_hcd: USB 2.0 'Enhanced' Host Controller (EHCI) Driver
[    2.150886] ehci-pci: EHCI PCI platform driver
[    2.150886] ehci-platform: EHCI generic platform driver
[    2.150886] ohci_hcd: USB 1.1 'Open' Host Controller (OHCI) Driver
[    2.150886] ohci-pci: OHCI PCI platform driver
[    2.150886] ohci-platform: OHCI generic platform driver
[    2.150886] uhci_hcd: USB Universal Host Controller Interface driver
[    2.150886] i8042: PNP: PS/2 Controller [PNP0303:PS2K,PNP0f03:PS2M] at 0x60,0x64 irq 1,12
[    2.150886] serio: i8042 KBD port at 0x60,0x64 irq 1
[    2.150886] serio: i8042 AUX port at 0x60,0x64 irq 12
[    2.150886] mousedev: PS/2 mouse device common for all mice
[    2.250060] rtc_cmos rtc_cmos: rtc core: registered rtc_cmos as rtc0
[    2.261108] rtc_cmos rtc_cmos: alarms up to one day, 114 bytes nvram
[    2.273820] i2c /dev entries driver
[    2.280745] device-mapper: uevent: version 1.0.3
[    2.289513] device-mapper: ioctl: 4.37.0-ioctl (2017-09-20) initialised: dm-devel@redhat.com
[    2.308578] input: AT Translated Set 2 keyboard as /devices/platform/i8042/serio0/input/input2
[    2.349164] ledtrig-cpu: registered to indicate activity on CPUs
[    2.359487] NET: Registered protocol family 10
[    2.373677] Segment Routing with IPv6
[    2.380562] NET: Registered protocol family 17
[    2.389109] Key type dns_resolver registered
[    2.398977] mce: Using 0 MCE banks
[    2.405507] RAS: Correctable Errors collector initialized.
[    2.413375] sched_clock: Marking stable (2413290608, 0)->(3920082226, -1506791618)
[    2.432570] registered taskstats version 1
[    2.439382] Loading compiled-in X.509 certificates
[    2.456358] Loaded X.509 cert 'Build time autogenerated kernel key: 05d3fa630a0ed8a65520e390196b077fd5e65720'
[    2.473969] Loaded X.509 cert 'Canonical Ltd. Live Patch Signing: 14df34d1a87cf37625abec039ef2bf521249b969'
[    2.491673] Loaded X.509 cert 'Canonical Ltd. Kernel Module Signing: 88f752e560a1e0737e31163a466ad7b70a850c19'
[    2.510211] blacklist: Loading compiled-in revocation X.509 certificates
[    2.520784] Loaded X.509 cert 'Canonical Ltd. Secure Boot Signing: 61482aa2830d0ab2ad5af10b7250da9033ddcef0'
[    2.536739] Loaded X.509 cert 'Canonical Ltd. Secure Boot Signing (2017): 242ade75ac4a15e50d50c84b0d45ff3eae707a03'
[    2.555263] Loaded X.509 cert 'Canonical Ltd. Secure Boot Signing (ESM 2018): 365188c1d374d6b07c3c8f240f8ef722433d6a8b'
[    2.571778] Loaded X.509 cert 'Canonical Ltd. Secure Boot Signing (2019): c0746fd6c5da3ae827864651ad66ae47fe24b3e8'
[    2.588577] Loaded X.509 cert 'Canonical Ltd. Secure Boot Signing (2021 v1): a8d54bbb3825cfb94fa13c9f8a594a195c107b8d'
[    2.605924] Loaded X.509 cert 'Canonical Ltd. Secure Boot Signing (2021 v2): 4cf046892d6fd3c9a5b03f98d845f90851dc6a8c'
[    2.622120] Loaded X.509 cert 'Canonical Ltd. Secure Boot Signing (2021 v3): 100437bb6de6e469b581e61cd66bce3ef4ed53af'
[    2.638313] Loaded X.509 cert 'Canonical Ltd. Secure Boot Signing (Ubuntu Core 2019): c1d57b8f6b743f23ee41f4f7ee292f06eecadfb9'
[    2.654538] zswap: loaded using pool lzo/zbud
[    2.679667] Key type big_key registered
[    2.688801] Key type trusted registered
[    2.705810] Key type encrypted registered
[    2.715117] AppArmor: AppArmor sha1 policy hashing enabled
[    2.725558] ima: No TPM chip found, activating TPM-bypass! (rc=-19)
[    2.737506] ima: Allocated hash algorithm: sha1
[    2.746888] evm: HMAC attrs: 0x1
[    2.753474]   Magic number: 3:317:399
[    2.761712] rtc_cmos rtc_cmos: setting system clock to 2023-04-17 21:23:53 UTC (1681766633)
[    2.780996] BIOS EDD facility v0.16 2004-Jun-25, 0 devices found
[    2.793807] EDD information not available.
[    2.808759] Freeing unused kernel image memory: 2480K
[    2.832774] Write protecting the kernel read-only data: 20480k
[    2.851747] Freeing unused kernel image memory: 2008K
[    2.861330] Freeing unused kernel image memory: 1820K
[    2.876995] x86/mm: Checked W+X mappings: passed, no W+X pages found.
[    2.886115] x86/mm: Checking user space page tables
[    2.899345] x86/mm: Checked W+X mappings: passed, no W+X pages found.
Loading, please wait...
starting version 237
[    3.038082] e1000: Intel(R) PRO/1000 Network Driver - version 7.3.21-k8-NAPI
[    3.048832] e1000: Copyright (c) 1999-2006 Intel Corporation.
[    3.081564] Fusion MPT base driver 3.04.20
[    3.087594] Copyright (c) 1999-2008 LSI Corporation
[    3.118835] Fusion MPT SPI Host driver 3.04.20
[    3.157203] SSE version of gcm_enc/dec engaged.
[    3.358693] input: ImExPS/2 Generic Explorer Mouse as /devices/platform/i8042/serio1/input/input4
[    4.022014] e1000 0000:00:03.0 eth0: (PCI:33MHz:32-bit) 02:a9:d6:08:d7:18
[    4.033307] e1000 0000:00:03.0 eth0: Intel(R) PRO/1000 Network Connection
[    4.046859] mptbase: ioc0: Initiating bringup
[    4.168633] ioc0: LSI53C1030 A0: Capabilities={Initiator}
[    4.444017] scsi host2: ioc0: LSI53C1030 A0, FwRev=00000000h, Ports=1, MaxQ=256, IRQ=20
[    4.627234] scsi 2:0:0:0: Direct-Access     VBOX     HARDDISK         1.0  PQ: 0 ANSI: 5
[    4.664207] scsi target2:0:0: Beginning Domain Validation
[    4.691873] scsi target2:0:0: Domain Validation skipping write tests
[    4.704114] scsi target2:0:0: Ending Domain Validation
[    4.715003] scsi target2:0:0: asynchronous
[    4.734552] scsi 2:0:1:0: Direct-Access     VBOX     HARDDISK         1.0  PQ: 0 ANSI: 5
[    5.112375] scsi target2:0:1: Beginning Domain Validation
[    5.133528] scsi target2:0:1: Domain Validation skipping write tests
[    5.142903] scsi target2:0:1: Ending Domain Validation
[    5.152199] scsi target2:0:1: asynchronous
[    5.190169] sd 2:0:0:0: Attached scsi generic sg0 type 0
[    5.200693] sd 2:0:1:0: Attached scsi generic sg1 type 0
[    5.211550] sd 2:0:0:0: [sda] 83886080 512-byte logical blocks: (42.9 GB/40.0 GiB)
[    5.223512] sd 2:0:1:0: [sdb] 20480 512-byte logical blocks: (10.5 MB/10.0 MiB)
[    5.237337] sd 2:0:0:0: [sda] Write Protect is off
[    5.245419] sd 2:0:1:0: [sdb] Write Protect is off
[    5.254920] sd 2:0:0:0: [sda] Incomplete mode parameter data
[    5.263521] sd 2:0:0:0: [sda] Assuming drive cache: write through
[    5.273171] sd 2:0:1:0: [sdb] Incomplete mode parameter data
[    5.281737] sd 2:0:1:0: [sdb] Assuming drive cache: write through
[    5.303903]  sda: sda1
[    5.323333] sd 2:0:0:0: [sda] Attached SCSI disk
[    5.331302] sd 2:0:1:0: [sdb] Attached SCSI disk
[    5.638329] e1000 0000:00:08.0 eth1: (PCI:33MHz:32-bit) 08:00:27:5e:4c:75
[    5.646800] e1000 0000:00:08.0 eth1: Intel(R) PRO/1000 Network Connection
[    5.662978] e1000 0000:00:03.0 enp0s3: renamed from eth0
[    5.689112] e1000 0000:00:08.0 enp0s8: renamed from eth1
Begin: Loading essential drivers ... [    8.503885] raid6: sse2x1   gen() 73601 MB/s
[   10.503570] raid6: sse2x1   xor() 159664 MB/s
[   12.506054] raid6: sse2x2   gen() 275648 MB/s
[   13.505674] raid6: sse2x2   xor() 189427 MB/s
[   13.561906] raid6: sse2x4   gen() 12677 MB/s
[   13.616454] raid6: sse2x4   xor()  8461 MB/s
[   13.623464] raid6: using algorithm sse2x2 gen() 275648 MB/s
[   13.631996] raid6: .... xor() 189427 MB/s, rmw enabled
[   13.640635] raid6: using ssse3x2 recovery algorithm
[   13.650113] xor: measuring software checksum speed
[   13.766327]    prefetch64-sse: 45127.000 MB/sec
[   13.874168]    generic_sse: 42362.000 MB/sec
[   13.881173] xor: using function: prefetch64-sse (45127.000 MB/sec)
[   13.893316] async_tx: api initialized (async)
done.
Begin: Running /scripts/init-premount ... done.
Begin: Mounting root file system ... Begin: Running /scripts/local-top ... done.
Begin: Running /scripts/local-premount ... [   13.971032] Btrfs loaded, crc32c=crc32c-intel
Scanning for Btrfs filesystems
done.
Warning: fsck not present, so skipping root file system
[   14.067446] EXT4-fs (sda1): mounted filesystem with ordered data mode. Opts: (null)
done.
Begin: Running /scripts/local-bottom ... done.
Begin: Running /scripts/init-bottom ... done.
[   14.457248] ip_tables: (C) 2000-2006 Netfilter Core Team
[   14.490658] systemd[1]: systemd 237 running in system mode. (+PAM +AUDIT +SELINUX +IMA +APPARMOR +SMACK +SYSVINIT +UTMP +LIBCRYPTSETUP +GCRYPT +GNUTLS +ACL +XZ +LZ4 +SECCOMP +BLKID +ELFUTILS +KMOD -IDN2 +IDN -PCRE2 default-hierarchy=hybrid)
[   14.521974] systemd[1]: Detected virtualization oracle.
[   14.530255] systemd[1]: Detected architecture x86-64.

Welcome to [1mUbuntu 18.04.6 LTS[0m!

[   14.579028] systemd[1]: Set hostname to <ubuntu-bionic>.
[   15.124639] systemd[1]: Reached target Mounting snaps.
[[0;32m  OK  [0m] Reached target Mounting snaps.
[   15.134710] systemd[1]: Reached target Mounted snaps.
[[0;32m  OK  [0m] Reached target Mounted snaps.
[   15.145058] systemd[1]: Reached target User and Group Name Lookups.
[[0;32m  OK  [0m] Reached target User and Group Name Lookups.
[   15.158051] systemd[1]: Set up automount Arbitrary Executable File Formats File System Automount Point.
[[0;32m  OK  [0m] Set up automount Arbitrary Executabâ€¦rmats File System Automount Point.
[   15.174552] systemd[1]: Reached target Swap.
[[0;32m  OK  [0m] Reached target Swap.
[   15.204460] systemd[1]: Created slice User and Session Slice.
[[0;32m  OK  [0m] Created slice User and Session Slice.
[[0;32m  OK  [0m] Reached target System Time Synchronized.
[[0;32m  OK  [0m] Created slice System Slice.
[[0;32m  OK  [0m] Listening on Journal Socket (/dev/log).
[[0;32m  OK  [0m] Listening on Syslog Socket.
[[0;32m  OK  [0m] Listening on LVM2 metadata daemon socket.
[[0;32m  OK  [0m] Listening on Network Service Netlink Socket.
[[0;32m  OK  [0m] Listening on udev Control Socket.
[[0;32m  OK  [0m] Listening on udev Kernel Socket.
[[0;32m  OK  [0m] Listening on /dev/initctl Compatibility Named Pipe.
[[0;32m  OK  [0m] Listening on Journal Socket.
         Starting Uncomplicated firewall...
         Starting udev Coldplug all Devices...
[[0;32m  OK  [0m] Listening on fsck to fsckd communication Socket.
[[0;32m  OK  [0m] Reached target Slices.
         Starting File System Check on Root Device...
[[0;32m  OK  [0m] Listening on Journal Audit Socket.
         Starting Journal Service...
[[0;32m  OK  [0m] Listening on Device-mapper event daemon FIFOs.
         Starting Monitoring of LVM2 mirrorsâ€¦ng dmeventd or progress polling...
         Mounting POSIX Message Queue File System...
         Mounting Huge Pages File System...
[[0;32m  OK  [0m] Listening on LVM2 poll daemon socket.
[[0;32m  OK  [0m] Created slice system-serial\x2dgetty.slice.
         Starting Set the console keyboard layout...
[[0;32m  OK  [0m] Started Forward Password Requests to Wall Directory Watch.
         Starting Create list of required stâ€¦ce nodes for the current kernel...
         Starting Load Kernel Modules...
         Mounting Kernel Debug File System...
[[0;32m  OK  [0m] Started Uncomplicated firewall.
[[0;32m  OK  [0m] Started File System Check Daemon to report status.
[[0;32m  OK  [0m] Mounted POSIX Message Queue File System.
[[0;32m  OK  [0m] Mounted Huge Pages File System.
[[0;32m  OK  [0m] Mounted Kernel Debug File System.
[[0;32m  OK  [0m] Started LVM2 metadata daemon.
[[0;32m  OK  [0m] Started File System Check on Root Device.
         Starting Remount Root and Kernel File Systems...
[[0;32m  OK  [0m] Started udev Coldplug all Devices.
[[0;32m  OK  [0m] Started Journal Service.
[[0;32m  OK  [0m] Started Create list of required staâ€¦vice nodes for the current kernel.
         Starting Create Static Device Nodes in /dev...
[   15.549902] EXT4-fs (sda1): re-mounted. Opts: (null)
[[0;32m  OK  [0m] Started Remount Root and Kernel File Systems.
         Starting Flush Journal to Persistent Storage...
         Starting Load/Save Random Seed...
[[0;32m  OK  [0m] Started Monitoring of LVM2 mirrors,â€¦sing dmeventd or progress polling.
[[0;32m  OK  [0m] Started Create Static Device Nodes in /dev.
         Starting udev Kernel Device Manager...
[   15.660765] Loading iSCSI transport class v2.0-870.
[   15.695206] systemd-journald[404]: Received request to flush runtime journal from PID 1
[[0;32m  OK  [0m] Started Set the console keyboard layout.
[[0;32m  OK  [0m] Reached target Local File Systems (Pre).
[[0;32m  OK  [0m] Reached target Local File Systems.
         Starting Tell Plymouth To Write Out Runtime Data...
         Starting ebtables ruleset management...
         Starting AppArmor initialization...
         Starting Set console font and keymap...
[[0;32m  OK  [0m] Started Tell Plymouth To Write Out Runtime Data.
[[0;32m  OK  [0m] Started Load/Save Random Seed.
[   15.902791] iscsi: registered transport (tcp)
[[0;32m  OK  [0m] Started Set console font and keymap.
[[0;32m  OK  [0m] Started udev Kernel Device Manager.
[[0;32m  OK  [0m] Started Dispatch Password Requests to Console Directory Watch.
[[0;32m  OK  [0m] Reached target Local Encrypted Volumes.
[[0;32m  OK  [0m] Started Flush Journal to Persistent Storage.
         Starting Create Volatile Files and Directories...
[   16.156461] iscsi: registered transport (iser)
[[0;32m  OK  [0m] Started Load Kernel Modules.
         Starting Apply Kernel Variables...
         Mounting Kernel Configuration File System...
         Mounting FUSE Control File System...
[[0;32m  OK  [0m] Mounted Kernel Configuration File System.
[[0;32m  OK  [0m] Started ebtables ruleset management.
[[0;32m  OK  [0m] Mounted FUSE Control File System.
[[0;32m  OK  [0m] Started Create Volatile Files and Directories.
         Starting Update UTMP about System Boot/Shutdown...
[[0;32m  OK  [0m] Started Apply Kernel Variables.
[[0;32m  OK  [0m] Started Update UTMP about System Boot/Shutdown.
[[0;32m  OK  [0m] Found device /dev/ttyS0.
[[0;32m  OK  [0m] Listening on Load/Save RF Kill Switch Status /dev/rfkill Watch.
[[0;32m  OK  [0m] Started AppArmor initialization.
         Mounting Arbitrary Executable File Formats File System...
         Starting Load AppArmor profiles managed internally by snapd...
         Starting Initial cloud-init job (pre-networking)...
[[0;32m  OK  [0m] Mounted Arbitrary Executable File Formats File System.
[[0;32m  OK  [0m] Started Load AppArmor profiles managed internally by snapd.
[   19.384403] cloud-init[571]: Cloud-init v. 23.1.1-0ubuntu0~18.04.1 running 'init-local' at Mon, 17 Apr 2023 21:24:09 +0000. Up 18.95 seconds.
[[0;32m  OK  [0m] Started Initial cloud-init job (pre-networking).
[[0;32m  OK  [0m] Reached target Network (Pre).
         Starting Network Service...
[[0;32m  OK  [0m] Started Network Service.
         Starting Wait for Network to be Configured...
         Starting Network Name Resolution...
[[0;32m  OK  [0m] Started Network Name Resolution.
[[0;32m  OK  [0m] Reached target Network.
[[0;32m  OK  [0m] Reached target Host and Network Name Lookups.
[[0;32m  OK  [0m] Started Wait for Network to be Configured.
         Starting Initial cloud-init job (metadata service crawler)...
[   21.975727] cloud-init[678]: Cloud-init v. 23.1.1-0ubuntu0~18.04.1 running 'init' at Mon, 17 Apr 2023 21:24:12 +0000. Up 21.77 seconds.
[   21.983780] cloud-init[678]: ci-info: ++++++++++++++++++++++++++++++++++++++Net device info+++++++++++++++++++++++++++++++++++++++
[   21.990067] cloud-init[678]: ci-info: +--------+------+-----------------------------+---------------+--------+-------------------+
[   21.996947] cloud-init[678]: ci-info: | Device |  Up  |           Address           |      Mask     | Scope  |     Hw-Address    |
[   22.003105] cloud-init[678]: ci-info: +--------+------+-----------------------------+---------------+--------+-------------------+
[   22.008849] cloud-init[678]: ci-info: | enp0s3 | True |          10.0.2.15          | 255.255.255.0 | global | 02:a9:d6:08:d7:18 |
[   22.014874] cloud-init[678]: ci-info: | enp0s3 | True |  fe80::a9:d6ff:fe08:d718/64 |       .       |  link  | 02:a9:d6:08:d7:18 |
[   22.022606] cloud-init[678]: ci-info: | enp0s8 | True |        192.168.33.20        | 255.255.255.0 | global | 08:00:27:5e:4c:75 |
[   22.033996] cloud-init[678]: ci-info: | enp0s8 | True | fe80::a00:27ff:fe5e:4c75/64 |       .       |  link  | 08:00:27:5e:4c:75 |
[   22.049488] cloud-init[678]: ci-info: |   lo   | True |          127.0.0.1          |   255.0.0.0   |  host  |         .         |
[   22.064925] cloud-init[678]: ci-info: |   lo   | True |           ::1/128           |       .       |  host  |         .         |
[   22.075190] cloud-init[678]: ci-info: +--------+------+-----------------------------+---------------+--------+-------------------+
[   22.083962] cloud-init[678]: ci-info: +++++++++++++++++++++++++++++Route IPv4 info+++++++++++++++++++++++++++++
[   22.089097] cloud-init[678]: ci-info: +-------+--------------+----------+-----------------+-----------+-------+
[   22.095144] cloud-init[678]: ci-info: | Route | Destination  | Gateway  |     Genmask     | Interface | Flags |
[   22.103442] cloud-init[678]: ci-info: +-------+--------------+----------+-----------------+-----------+-------+
[   22.110177] cloud-init[678]: ci-info: |   0   |   0.0.0.0    | 10.0.2.2 |     0.0.0.0     |   enp0s3  |   UG  |
[   22.118154] cloud-init[678]: ci-info: |   1   |   10.0.2.0   | 0.0.0.0  |  255.255.255.0  |   enp0s3  |   U   |
[   22.125755] cloud-init[678]: ci-info: |   2   |   10.0.2.2   | 0.0.0.0  | 255.255.255.255 |   enp0s3  |   UH  |
[   22.133495] cloud-init[678]: ci-info: |   3   | 192.168.33.0 | 0.0.0.0  |  255.255.255.0  |   enp0s8  |   U   |
[   22.145989] cloud-init[678]: ci-info: +-------+--------------+----------+-----------------+-----------+-------+
[   22.158067] cloud-init[678]: ci-info: +++++++++++++++++++Route IPv6 info+++++++++++++++++++
[   22.169607] cloud-init[678]: ci-info: +-------+-------------+---------+-----------+-------+
[   22.183218] cloud-init[678]: ci-info: | Route | Destination | Gateway | Interface | Flags |
[   22.194651] cloud-init[678]: ci-info: +-------+-------------+---------+-----------+-------+
[   22.205181] cloud-init[678]: ci-info: |   1   |  fe80::/64  |    ::   |   enp0s8  |   U   |
[   22.213727] cloud-init[678]: ci-info: |   2   |  fe80::/64  |    ::   |   enp0s3  |   U   |
[   22.222143] cloud-init[678]: ci-info: |   4   |    local    |    ::   |   enp0s3  |   U   |
[   22.230965] cloud-init[678]: ci-info: |   5   |    local    |    ::   |   enp0s8  |   U   |
[   22.240582] cloud-init[678]: ci-info: |   6   |   ff00::/8  |    ::   |   enp0s8  |   U   |
[   22.248458] cloud-init[678]: ci-info: |   7   |   ff00::/8  |    ::   |   enp0s3  |   U   |
[   22.260541] cloud-init[678]: ci-info: +-------+-------------+---------+-----------+-------+
[[0;32m  OK  [0m] Started Initial cloud-init job (metadata service crawler).
[[0;32m  OK  [0m] Reached target Network is Online.
[[0;32m  OK  [0m] Reached target Remote File Systems (Pre).
         Mounting /tmp/vagrant-puppet/manifeâ€¦11d1078b1b1f2e3bdea27312f6ba513...
         Mounting /tmp/vagrant-puppet/moduleâ€¦48b66cc4d0725bc62f1002066637c18...
         Mounting /vagrant...
         Starting Availability of block devices...
[[0;32m  OK  [0m] Reached target System Initialization.
         Starting Socket activation for snappy daemon.
[[0;32m  OK  [0m] Listening on Open-iSCSI iscsid Socket.
[[0;32m  OK  [0m] Listening on ACPID Listen Socket.
[[0;32m  OK  [0m] Started Ubuntu Advantage Timer for running repeated jobs.
[[0;32m  OK  [0m] Started Discard unused blocks once a week.
[[0;32m  OK  [0m] Started Daily apt download activities.
[[0;32m  OK  [0m] Started Daily apt upgrade and clean activities.
[[0;32m  OK  [0m] Started Message of the Day.
[[0;32m  OK  [0m] Listening on D-Bus System Message Bus Socket.
[[0;32m  OK  [0m] Listening on UUID daemon activation socket.
[[0;32m  OK  [0m] Listening on cloud-init hotplug hook socket.
[[0;32m  OK  [0m] Started ACPI Events Check.
[[0;32m  OK  [0m] Reached target Paths.
[[0;32m  OK  [0m] Started Clean PHP session files every 30 mins.
         Starting LXD - unix socket.
[[0;32m  OK  [0m] Started Daily Cleanup of Temporary Directories.
[[0;32m  OK  [0m] Reached target Timers.
[[0;32m  OK  [0m] Reached target Cloud-config availability.
[[0;32m  OK  [0m] Mounted /tmp/vagrant-puppet/manifesâ€¦-a11d1078b1b1f2e3bdea27312f6ba513.
[[0;32m  OK  [0m] Mounted /tmp/vagrant-puppet/modules-d48b66cc4d0725bc62f1002066637c18.
[[0;32m  OK  [0m] Mounted /vagrant.
[[0;32m  OK  [0m] Started Availability of block devices.
[[0;32m  OK  [0m] Listening on Socket activation for snappy daemon.
[[0;32m  OK  [0m] Listening on LXD - unix socket.
[[0;32m  OK  [0m] Reached target Sockets.
[[0;32m  OK  [0m] Reached target Basic System.
         Starting Login Service...
         Starting System Logging Service...
         Starting Dispatcher daemon for systemd-networkd...
         Starting Snap Daemon...
         Starting Accounts Service...
         Starting The PHP 7.2 FastCGI Process Manager...
[[0;32m  OK  [0m] Started irqbalance daemon.
[[0;32m  OK  [0m] Started Deferred execution scheduler.
         Starting Virtualbox guest utils...
         Starting LSB: Record successful boot for GRUB...
         Starting LXD - container startup/shutdown...
[[0;32m  OK  [0m] Started FUSE filesystem for LXC.
[[0;32m  OK  [0m] Started D-Bus System Message Bus.
[[0;32m  OK  [0m] Started Login Service.
[[0;32m  OK  [0m] Started Unattended Upgrades Shutdown.
[[0;32m  OK  [0m] Started Regular background program processing daemon.
[[0;32m  OK  [0m] Started Puppet agent.
         Starting MySQL Community Server...
[[0;32m  OK  [0m] Reached target Login Prompts (Pre).
         Starting OpenBSD Secure Shell server...
[[0;32m  OK  [0m] Reached target Remote File Systems.
         Starting Permit User Sessions...
         Starting The Apache HTTP Server...
         Starting LSB: automatic crash report generation...
[[0;32m  OK  [0m] Started System Logging Service.
[[0;32m  OK  [0m] Started Permit User Sessions.
         Starting Terminate Plymouth Boot Screen...
         Starting Hold until boot process finishes up...
         Starting Authorization Manager...
[[0;32m  OK  [0m] Started Terminate Plymouth Boot Screen.
[[0;32m  OK  [0m] Started Hold until boot process finishes up.
[[0;32m  OK  [0m] Started Serial Getty on ttyS0.
         Starting Set console scheme...
[[0;32m  OK  [0m] Started Set console scheme.
[[0;32m  OK  [0m] Created slice system-getty.slice.
[[0;32m  OK  [0m] Started Getty on tty1.
[[0;32m  OK  [0m] Reached target Login Prompts.
[[0;32m  OK  [0m] Started Authorization Manager.
[[0;32m  OK  [0m] Started Accounts Service.
[[0;32m  OK  [0m] Started Dispatcher daemon for systemd-networkd.
[[0;32m  OK  [0m] Started Virtualbox guest utils.
[[0;32m  OK  [0m] Started OpenBSD Secure Shell server.
[[0;32m  OK  [0m] Started LSB: Record successful boot for GRUB.
[[0;32m  OK  [0m] Started LSB: automatic crash report generation.
[[0;32m  OK  [0m] Started LXD - container startup/shutdown.
[[0;32m  OK  [0m] Created slice User Slice of vagrant.
[[0;32m  OK  [0m] Started The Apache HTTP Server.
[[0;32m  OK  [0m] Started Session 1 of user vagrant.
         Starting User Manager for UID 1000...
[[0;32m  OK  [0m] Started The PHP 7.2 FastCGI Process Manager.
[[0;32m  OK  [0m] Started User Manager for UID 1000.
[[0;32m  OK  [0m] Started Snap Daemon.
         Starting Wait until snapd is fully seeded...
         Starting Time & Date Service...
[[0;32m  OK  [0m] Started Time & Date Service.
[[0;32m  OK  [0m] Started Wait until snapd is fully seeded.
         Starting Apply the settings specified in cloud-config...
[   30.208123] cloud-init[1248]: Cloud-init v. 23.1.1-0ubuntu0~18.04.1 running 'modules:config' at Mon, 17 Apr 2023 21:24:20 +0000. Up 29.60 seconds.

Ubuntu 18.04.6 LTS ubuntu-bionic ttyS0

ubuntu-bionic login: [   31.754699] cloud-init[1322]: Cloud-init v. 23.1.1-0ubuntu0~18.04.1 running 'modules:final' at Mon, 17 Apr 2023 21:24:22 +0000. Up 31.28 seconds.
[   31.755027] cloud-init[1322]: Cloud-init v. 23.1.1-0ubuntu0~18.04.1 finished at Mon, 17 Apr 2023 21:24:22 +0000. Datasource DataSourceNoCloud [seed=/dev/sdb][dsmode=net].  Up 31.74 seconds
